
CLUSTER 1 (Length = 10, Members = 7)
L   25    0x50d1 /hydrophobic/small/aliphatic/not glycine or proline/ [CONSERVED] (A)
L   26    0x30d2 /uncharged/hydrophilic/H-bonding/small/aliphatic/not glycine or proline/ [CONSERVED] (S)
L   28    0x30d2 /uncharged/hydrophilic/H-bonding/small/aliphatic/not glycine or proline/ [CONSERVED] (S)
L   33    0x5051 /hydrophobic/aliphatic/not glycine or proline/  (ACILMV)
L   23    0x50d1 /hydrophobic/small/aliphatic/not glycine or proline/ [CONSERVED] (C)
L   69    0x3152 /uncharged/hydrophilic/H-bonding/medium/aliphatic/not glycine or proline/ [CONSERVED] (T)
L   71    0x3231 /hydrophobic/aromatic/H-bonding/not glycine or proline/ [CONSERVED] (Y)
L   35    0x5231 /hydrophobic/aromatic/non-H-bonding/not glycine or proline/ [CONSERVED] (W)

CLUSTER 2 (Length = 16, Members = 3)
L   26    0x30d2 /uncharged/hydrophilic/H-bonding/small/aliphatic/not glycine or proline/ [CONSERVED] (S)
L   28    0x30d2 /uncharged/hydrophilic/H-bonding/small/aliphatic/not glycine or proline/ [CONSERVED] (S)
L   29    0x5151 /hydrophobic/medium/aliphatic/not glycine or proline/ [CONSERVED] (I)
L   30 D  0x44d1 glycine [CONSERVED] (G)
L   33    0x5011 /hydrophobic/not glycine or proline/  (ACFILMVW)
L   23    0x50d1 /hydrophobic/small/aliphatic/not glycine or proline/ [CONSERVED] (C)
L    2    0x5151 /hydrophobic/medium/aliphatic/not glycine or proline/ [CONSERVED] (V)
L    4    0x5251 /hydrophobic/large/aliphatic/not glycine or proline/ [CONSERVED] (M)
L   71    0x5231 /hydrophobic/aromatic/non-H-bonding/not glycine or proline/ [CONSERVED] (F)
L   92    0x30d2 /uncharged/hydrophilic/H-bonding/small/aliphatic/not glycine or proline/ [CONSERVED] (S)
L   51    0x5151 /hydrophobic/medium/aliphatic/not glycine or proline/ [CONSERVED] (V)
L   35    0x5231 /hydrophobic/aromatic/non-H-bonding/not glycine or proline/ [CONSERVED] (W)
L   88    0x50d1 /hydrophobic/small/aliphatic/not glycine or proline/ [CONSERVED] (C)

CLUSTER 3 (Length = 11, Members = 10)
L   25    0x50d1 /hydrophobic/small/aliphatic/not glycine or proline/ [CONSERVED] (A)
L   26    0x30d2 /uncharged/hydrophilic/H-bonding/small/aliphatic/not glycine or proline/ [CONSERVED] (S)
L   29    0x5151 /hydrophobic/medium/aliphatic/not glycine or proline/  (ILV)
L   33    0x5151 /hydrophobic/medium/aliphatic/not glycine or proline/  (ILV)
L   23    0x50d1 /hydrophobic/small/aliphatic/not glycine or proline/ [CONSERVED] (C)
L    4    0x5051 /hydrophobic/aliphatic/not glycine or proline/  (ACILMV)
L    2    0x5151 /hydrophobic/medium/aliphatic/not glycine or proline/ [CONSERVED] (I)
L   71    0x1231 /hydrophobic/aromatic/not glycine or proline/  (FWY)
L   35    0x5231 /hydrophobic/aromatic/non-H-bonding/not glycine or proline/ [CONSERVED] (W)

CLUSTER 4 (Length = 15, Members = 1)
L   25    0x50d1 /hydrophobic/small/aliphatic/not glycine or proline/ [CONSERVED] (A)
L   28    0x30d2 /uncharged/hydrophilic/H-bonding/small/aliphatic/not glycine or proline/ [CONSERVED] (S)
L   29    0x5151 /hydrophobic/medium/aliphatic/not glycine or proline/ [CONSERVED] (V)
L   33    0x5151 /hydrophobic/medium/aliphatic/not glycine or proline/ [CONSERVED] (I)
L   34    0x324a /positive/large/aliphatic/not glycine or proline/ [CONSERVED] (H)
L    4    0x5151 /hydrophobic/medium/aliphatic/not glycine or proline/ [CONSERVED] (L)
L   23    0x50d1 /hydrophobic/small/aliphatic/not glycine or proline/ [CONSERVED] (C)
L    2    0x5151 /hydrophobic/medium/aliphatic/not glycine or proline/ [CONSERVED] (I)
L   71    0x5231 /hydrophobic/aromatic/non-H-bonding/not glycine or proline/ [CONSERVED] (F)
L   92    0x30d2 /uncharged/hydrophilic/H-bonding/small/aliphatic/not glycine or proline/ [CONSERVED] (N)
L   51    0x50d1 /hydrophobic/small/aliphatic/not glycine or proline/ [CONSERVED] (A)
L   88    0x50d1 /hydrophobic/small/aliphatic/not glycine or proline/ [CONSERVED] (C)
L   35    0x5231 /hydrophobic/aromatic/non-H-bonding/not glycine or proline/ [CONSERVED] (W)

CLUSTER 5 (Length = 8, Members = 1)
L   30    0x5151 /hydrophobic/medium/aliphatic/not glycine or proline/ [CONSERVED] (V)
L   34    0x50d1 /hydrophobic/small/aliphatic/not glycine or proline/ [CONSERVED] (A)
L   23    0x50d1 /hydrophobic/small/aliphatic/not glycine or proline/ [CONSERVED] (C)
L   90    0x3152 /uncharged/hydrophilic/H-bonding/medium/aliphatic/not glycine or proline/ [CONSERVED] (Q)
L   35    0x5231 /hydrophobic/aromatic/non-H-bonding/not glycine or proline/ [CONSERVED] (W)
L   71    0x5231 /hydrophobic/aromatic/non-H-bonding/not glycine or proline/ [CONSERVED] (F)
L   88    0x50d1 /hydrophobic/small/aliphatic/not glycine or proline/ [CONSERVED] (C)

CLUSTER 6 (Length = 12, Members = 1)
L   25    0x50d1 /hydrophobic/small/aliphatic/not glycine or proline/ [CONSERVED] (A)
L   29    0x5151 /hydrophobic/medium/aliphatic/not glycine or proline/ [CONSERVED] (V)
L   32    0x3231 /hydrophobic/aromatic/H-bonding/not glycine or proline/ [CONSERVED] (Y)
L   33    0x5151 /hydrophobic/medium/aliphatic/not glycine or proline/ [CONSERVED] (I)
L   34    0x44d1 glycine [CONSERVED] (G)
L    4    0x5251 /hydrophobic/large/aliphatic/not glycine or proline/ [CONSERVED] (M)
L   23    0x50d1 /hydrophobic/small/aliphatic/not glycine or proline/ [CONSERVED] (C)
L   71    0x5231 /hydrophobic/aromatic/non-H-bonding/not glycine or proline/ [CONSERVED] (F)
L    2    0x5151 /hydrophobic/medium/aliphatic/not glycine or proline/ [CONSERVED] (I)
L   92    0x50c6 /negative/small/aliphatic/not glycine or proline/ [CONSERVED] (D)
L   51    0x50d1 /hydrophobic/small/aliphatic/not glycine or proline/ [CONSERVED] (A)
L   91    0x3231 /hydrophobic/aromatic/H-bonding/not glycine or proline/ [CONSERVED] (Y)
L   35    0x5231 /hydrophobic/aromatic/non-H-bonding/not glycine or proline/ [CONSERVED] (W)
L   49    0x3231 /hydrophobic/aromatic/H-bonding/not glycine or proline/ [CONSERVED] (Y)
L   88    0x50d1 /hydrophobic/small/aliphatic/not glycine or proline/ [CONSERVED] (C)
L   48    0x5151 /hydrophobic/medium/aliphatic/not glycine or proline/ [CONSERVED] (I)

CLUSTER 7 (Length = 17, Members = 2)
L   28    0x30d2 /uncharged/hydrophilic/H-bonding/small/aliphatic/not glycine or proline/ [CONSERVED] (S)
L   29    0x5151 /hydrophobic/medium/aliphatic/not glycine or proline/ [CONSERVED] (V)
L   33    0x5151 /hydrophobic/medium/aliphatic/not glycine or proline/ [CONSERVED] (L)
L   34    0x50d1 /hydrophobic/small/aliphatic/not glycine or proline/ [CONSERVED] (A)
L   23    0x50d1 /hydrophobic/small/aliphatic/not glycine or proline/ [CONSERVED] (C)
L   71    0x5231 /hydrophobic/aromatic/non-H-bonding/not glycine or proline/ [CONSERVED] (F)
L   92    0x3231 /hydrophobic/aromatic/H-bonding/not glycine or proline/ [CONSERVED] (Y)
L   51    0x50d1 /hydrophobic/small/aliphatic/not glycine or proline/ [CONSERVED] (A)
L   91    0x3231 /hydrophobic/aromatic/H-bonding/not glycine or proline/ [CONSERVED] (Y)
L   35    0x5231 /hydrophobic/aromatic/non-H-bonding/not glycine or proline/ [CONSERVED] (W)
L   88    0x50d1 /hydrophobic/small/aliphatic/not glycine or proline/ [CONSERVED] (C)

CLUSTER 8 (Length = 14, Members = 1)
L   30    0x5151 /hydrophobic/medium/aliphatic/not glycine or proline/ [CONSERVED] (V)
L   31    0x50c6 /negative/small/aliphatic/not glycine or proline/ [CONSERVED] (D)
L   32    0x5151 /hydrophobic/medium/aliphatic/not glycine or proline/ [CONSERVED] (L)
L   33    0x5151 /hydrophobic/medium/aliphatic/not glycine or proline/ [CONSERVED] (V)
L    4    0x5151 /hydrophobic/medium/aliphatic/not glycine or proline/ [CONSERVED] (L)
L   23    0x50d1 /hydrophobic/small/aliphatic/not glycine or proline/ [CONSERVED] (C)
L   35    0x5231 /hydrophobic/aromatic/non-H-bonding/not glycine or proline/ [CONSERVED] (W)
L   71    0x50d1 /hydrophobic/small/aliphatic/not glycine or proline/ [CONSERVED] (A)
L   88    0x50d1 /hydrophobic/small/aliphatic/not glycine or proline/ [CONSERVED] (C)

CLUSTER 9 (Length = 13, Members = 1)
L   26    0x30d2 /uncharged/hydrophilic/H-bonding/small/aliphatic/not glycine or proline/ [CONSERVED] (S)
L   92    0x50c6 /negative/small/aliphatic/not glycine or proline/ [CONSERVED] (D)

CLUSTER 10 (Length = 11, Members = 3)
L   25    0x44d1 glycine [CONSERVED] (G)
L   28    0x5151 /hydrophobic/medium/aliphatic/not glycine or proline/  (ILV)
L   33    0x5051 /hydrophobic/aliphatic/not glycine or proline/  (ACILMV)
L   23    0x50d1 /hydrophobic/small/aliphatic/not glycine or proline/ [CONSERVED] (C)
L    4    0x5151 /hydrophobic/medium/aliphatic/not glycine or proline/ [CONSERVED] (L)
L   71    0x50d1 /hydrophobic/small/aliphatic/not glycine or proline/ [CONSERVED] (A)
L   35    0x5231 /hydrophobic/aromatic/non-H-bonding/not glycine or proline/ [CONSERVED] (W)

CLUSTER 11 (Length = 15, Members = 1)
L   25    0x50d1 /hydrophobic/small/aliphatic/not glycine or proline/ [CONSERVED] (A)
L   28    0x30d2 /uncharged/hydrophilic/H-bonding/small/aliphatic/not glycine or proline/ [CONSERVED] (S)
L   29    0x5151 /hydrophobic/medium/aliphatic/not glycine or proline/ [CONSERVED] (V)
L   33    0x5251 /hydrophobic/large/aliphatic/not glycine or proline/ [CONSERVED] (M)
L   34    0x324a /positive/large/aliphatic/not glycine or proline/ [CONSERVED] (H)
L    4    0x5251 /hydrophobic/large/aliphatic/not glycine or proline/ [CONSERVED] (M)
L   23    0x50d1 /hydrophobic/small/aliphatic/not glycine or proline/ [CONSERVED] (C)
L    2    0x5151 /hydrophobic/medium/aliphatic/not glycine or proline/ [CONSERVED] (I)
L   92    0x5231 /hydrophobic/aromatic/non-H-bonding/not glycine or proline/ [CONSERVED] (W)
L   71    0x5231 /hydrophobic/aromatic/non-H-bonding/not glycine or proline/ [CONSERVED] (F)
L   51    0x50d1 /hydrophobic/small/aliphatic/not glycine or proline/ [CONSERVED] (A)
L   88    0x50d1 /hydrophobic/small/aliphatic/not glycine or proline/ [CONSERVED] (C)
L   35    0x5231 /hydrophobic/aromatic/non-H-bonding/not glycine or proline/ [CONSERVED] (W)
Observed residues for each cluster at unified SDR positions:

CLUSTER 1 (Length = 10, Members = 7)
L    2   : I                    (No contact)
L    4   : LSM                  (No contact)
L   23   : C                    (Makes contact)
L   25   : A                    (In loop)
L   26   : S                    (In loop)
L   28   : S                    (In loop)
L   33   : MIV                  (In loop)
L   35   : W                    (Makes contact)
L   69   : T                    (Makes contact)
L   71   : Y                    (Makes contact)

CLUSTER 2 (Length = 16, Members = 3)
L    2   : V                    (Makes contact)
L    4   : M                    (Makes contact)
L   23   : C                    (Makes contact)
L   26   : S                    (In loop)
L   28   : S                    (In loop)
L   29   : I                    (In loop)
L   30 D : G                    (In loop)
L   33   : FL                   (In loop)
L   35   : W                    (Makes contact)
L   51   : V                    (Makes contact)
L   69   : T                    (No contact)
L   71   : F                    (Makes contact)
L   88   : C                    (Makes contact)
L   92   : S                    (Makes contact)

CLUSTER 3 (Length = 11, Members = 10)
L    2   : I                    (Makes contact)
L    4   : ML                   (Makes contact)
L   23   : C                    (Makes contact)
L   25   : A                    (In loop)
L   26   : S                    (In loop)
L   28   : DNS                  (In loop, Added on length)
L   29   : IV                   (In loop)
L   33   : IVL                  (In loop)
L   35   : W                    (Makes contact)
L   69   : RT                   (No contact)
L   71   : YF                   (Makes contact)

CLUSTER 4 (Length = 15, Members = 1)
L    2   : I                    (Makes contact)
L    4   : L                    (Makes contact)
L   23   : C                    (Makes contact)
L   25   : A                    (In loop)
L   28   : S                    (In loop)
L   29   : V                    (In loop)
L   33   : I                    (In loop)
L   34   : H                    (In loop)
L   35   : W                    (Makes contact)
L   51   : A                    (Makes contact)
L   69   : T                    (No contact)
L   71   : F                    (Makes contact)
L   88   : C                    (Makes contact)
L   92   : N                    (Makes contact)

CLUSTER 5 (Length = 8, Members = 1)
L    2   : -                    (No contact)
L    4   : M                    (No contact)
L   23   : C                    (Makes contact)
L   30   : V                    (In loop)
L   34   : A                    (In loop)
L   35   : W                    (Makes contact)
L   69   : T                    (No contact)
L   71   : F                    (Makes contact)
L   88   : C                    (Makes contact)
L   90   : Q                    (Makes contact)

CLUSTER 6 (Length = 12, Members = 1)
L    2   : I                    (Makes contact)
L    4   : M                    (Makes contact)
L   23   : C                    (Makes contact)
L   25   : A                    (In loop)
L   29   : V                    (In loop)
L   32   : Y                    (In loop)
L   33   : I                    (In loop)
L   34   : G                    (In loop)
L   35   : W                    (Makes contact)
L   48   : I                    (Makes contact)
L   49   : Y                    (Makes contact)
L   51   : A                    (Makes contact)
L   69   : T                    (No contact)
L   71   : F                    (Makes contact)
L   88   : C                    (Makes contact)
L   91   : Y                    (Makes contact)
L   92   : D                    (Makes contact)

CLUSTER 7 (Length = 17, Members = 2)
L    2   : EI                   (No contact)
L    4   : VM                   (No contact)
L   23   : C                    (Makes contact)
L   28   : S                    (In loop)
L   29   : V                    (In loop)
L   33   : L                    (In loop)
L   34   : A                    (In loop)
L   35   : W                    (Makes contact)
L   51   : A                    (Makes contact)
L   69   : T                    (No contact)
L   71   : F                    (Makes contact)
L   88   : C                    (Makes contact)
L   91   : Y                    (Makes contact)
L   92   : Y                    (Makes contact)

CLUSTER 8 (Length = 14, Members = 1)
L    2   : S                    (No contact)
L    4   : L                    (Makes contact)
L   23   : C                    (Makes contact)
L   30   : V                    (In loop)
L   31   : D                    (In loop)
L   32   : L                    (In loop)
L   33   : V                    (In loop)
L   35   : W                    (Makes contact)
L   69   : N                    (No contact)
L   71   : A                    (Makes contact)
L   88   : C                    (Makes contact)

CLUSTER 9 (Length = 13, Members = 1)
L    2   : S                    (No contact)
L    4   : L                    (No contact)
L   23   : C                    (No contact)
L   26   : S                    (In loop)
L   35   : W                    (No contact)
L   69   : T                    (No contact)
L   71   : A                    (No contact)
L   92   : D                    (Makes contact)

CLUSTER 10 (Length = 11, Members = 3)
L    2   : Y                    (No contact)
L    4   : L                    (Makes contact)
L   23   : C                    (Makes contact)
L   25   : G                    (In loop)
L   26   : DN                   (In loop)
L   28   : LI                   (In loop)
L   29   : RG                   (In loop)
L   33   : AL                   (In loop)
L   35   : W                    (Makes contact)
L   69   : N                    (No contact)
L   71   : A                    (Makes contact)

CLUSTER 11 (Length = 15, Members = 1)
L    2   : I                    (Makes contact)
L    4   : M                    (Makes contact)
L   23   : C                    (Makes contact)
L   25   : A                    (In loop)
L   28   : S                    (In loop)
L   29   : V                    (In loop)
L   33   : M                    (In loop)
L   34   : H                    (In loop)
L   35   : W                    (Makes contact)
L   51   : A                    (Makes contact)
L   69   : T                    (No contact)
L   71   : F                    (Makes contact)
L   88   : C                    (Makes contact)
L   92   : W                    (Makes contact)
